Release 13.1 - xst O.40d (nt)
Copyright (c) 1995-2011 Xilinx, Inc.  All rights reserved.
--> Parameter TMPDIR set to xst/projnav.tmp


Total REAL time to Xst completion: 0.00 secs
Total CPU time to Xst completion: 0.09 secs
 
--> Parameter xsthdpdir set to xst


Total REAL time to Xst completion: 0.00 secs
Total CPU time to Xst completion: 0.09 secs
 
--> Reading design: MipsCPU_SOPC.prj

TABLE OF CONTENTS
  1) Synthesis Options Summary
  2) HDL Parsing
  3) HDL Elaboration
  4) HDL Synthesis
       4.1) HDL Synthesis Report
  5) Advanced HDL Synthesis
       5.1) Advanced HDL Synthesis Report
  6) Low Level Synthesis
  7) Partition Report
  8) Design Summary
       8.1) Primitive and Black Box Usage
       8.2) Device utilization summary
       8.3) Partition Resource Summary
       8.4) Timing Report
            8.4.1) Clock Information
            8.4.2) Asynchronous Control Signals Information
            8.4.3) Timing Summary
            8.4.4) Timing Details
            8.4.5) Cross Clock Domains Report


=========================================================================
*                      Synthesis Options Summary                        *
=========================================================================
---- Source Parameters
Input File Name                    : "MipsCPU_SOPC.prj"
Input Format                       : mixed
Ignore Synthesis Constraint File   : NO

---- Target Parameters
Output File Name                   : "MipsCPU_SOPC"
Output Format                      : NGC
Target Device                      : xc6slx16-3-csg324

---- Source Options
Top Module Name                    : MipsCPU_SOPC
Automatic FSM Extraction           : YES
FSM Encoding Algorithm             : Auto
Safe Implementation                : No
FSM Style                          : LUT
RAM Extraction                     : Yes
RAM Style                          : Auto
ROM Extraction                     : Yes
Shift Register Extraction          : YES
ROM Style                          : Auto
Resource Sharing                   : YES
Asynchronous To Synchronous        : NO
Shift Register Minimum Size        : 2
Use DSP Block                      : Auto
Automatic Register Balancing       : No

---- Target Options
LUT Combining                      : Auto
Reduce Control Sets                : Auto
Add IO Buffers                     : YES
Global Maximum Fanout              : 100000
Add Generic Clock Buffer(BUFG)     : 16
Register Duplication               : YES
Optimize Instantiated Primitives   : NO
Use Clock Enable                   : Auto
Use Synchronous Set                : Auto
Use Synchronous Reset              : Auto
Pack IO Registers into IOBs        : Auto
Equivalent register Removal        : YES

---- General Options
Optimization Goal                  : Speed
Optimization Effort                : 1
Power Reduction                    : NO
Keep Hierarchy                     : No
Netlist Hierarchy                  : As_Optimized
RTL Output                         : Yes
Global Optimization                : AllClockNets
Read Cores                         : YES
Write Timing Constraints           : NO
Cross Clock Analysis               : NO
Hierarchy Separator                : /
Bus Delimiter                      : <>
Case Specifier                     : Maintain
Slice Utilization Ratio            : 100
BRAM Utilization Ratio             : 100
DSP48 Utilization Ratio            : 100
Auto BRAM Packing                  : NO
Slice Utilization Ratio Delta      : 5

=========================================================================


=========================================================================
*                          HDL Parsing                                  *
=========================================================================
Analyzing Verilog file \"C:\MipsCPU\REG.v\" into library work
Parsing module <REG>.
Analyzing Verilog file \"C:\MipsCPU\PC.v\" into library work
Parsing verilog file "defines.v" included at line 21.
Parsing module <PC>.
Analyzing Verilog file \"C:\MipsCPU\MEM_WB.v\" into library work
Parsing verilog file "defines.v" included at line 21.
Parsing module <MEM_WB>.
Analyzing Verilog file \"C:\MipsCPU\MEM.v\" into library work
Parsing verilog file "defines.v" included at line 21.
Parsing module <MEM>.
Analyzing Verilog file \"C:\MipsCPU\IF_ID.v\" into library work
Parsing verilog file "defines.v" included at line 21.
Parsing module <IF_ID>.
Analyzing Verilog file \"C:\MipsCPU\ID_EX.v\" into library work
Parsing verilog file "defines.v" included at line 21.
Parsing module <ID_EX>.
Analyzing Verilog file \"C:\MipsCPU\ID.v\" into library work
Parsing verilog file "defines.v" included at line 21.
Parsing module <ID>.
Analyzing Verilog file \"C:\MipsCPU\HILO.v\" into library work
Parsing module <HILO>.
Analyzing Verilog file \"C:\MipsCPU\EX_MEM.v\" into library work
Parsing verilog file "defines.v" included at line 21.
Parsing module <EX_MEM>.
Analyzing Verilog file \"C:\MipsCPU\EX.v\" into library work
Parsing verilog file "defines.v" included at line 21.
Parsing module <EX>.
Analyzing Verilog file \"C:\MipsCPU\MipsCPU.v\" into library work
Parsing verilog file "defines.v" included at line 21.
Parsing module <MipsCPU>.
Analyzing Verilog file \"C:\MipsCPU\Inst_ROM.v\" into library work
Parsing module <Inst_ROM>.
Analyzing Verilog file \"C:\MipsCPU\MipsCPU_SOPC.v\" into library work
Parsing module <MipsCPU_SOPC>.

=========================================================================
*                            HDL Elaboration                            *
=========================================================================

Elaborating module <MipsCPU_SOPC>.

Elaborating module <MipsCPU>.

Elaborating module <PC>.

Elaborating module <IF_ID>.

Elaborating module <ID>.

Elaborating module <REG>.

Elaborating module <ID_EX>.

Elaborating module <EX>.

Elaborating module <EX_MEM>.

Elaborating module <MEM>.

Elaborating module <MEM_WB>.

Elaborating module <HILO>.

Elaborating module <Inst_ROM>.
Reading initialization file \"inst_rom.data\".
WARNING:HDLCompiler:1670 - "C:\MipsCPU\Inst_ROM.v" Line 29: Signal <inst_mem> in initial block is partially initialized.
WARNING:Xst:2972 - "c:/mipscpu/mipscpu_sopc.v" line 30. All outputs of instance <MipsCPU0> of block <MipsCPU> are unconnected in block <MipsCPU_SOPC>. Underlying logic will be removed.
WARNING:Xst:2972 - "c:/mipscpu/mipscpu_sopc.v" line 38. All outputs of instance <Inst_ROM0> of block <Inst_ROM> are unconnected in block <MipsCPU_SOPC>. Underlying logic will be removed.

=========================================================================
*                           HDL Synthesis                               *
=========================================================================

Synthesizing Unit <MipsCPU_SOPC>.
    Related source file is "c:/mipscpu/mipscpu_sopc.v".
    Summary:
	no macro.
Unit <MipsCPU_SOPC> synthesized.

Synthesizing Unit <PC>.
    Related source file is "c:/mipscpu/pc.v".
    Found 1-bit register for signal <ce>.
    Found 1-bit register for signal <pc<31>>.
    Found 1-bit register for signal <pc<30>>.
    Found 1-bit register for signal <pc<29>>.
    Found 1-bit register for signal <pc<28>>.
    Found 1-bit register for signal <pc<27>>.
    Found 1-bit register for signal <pc<26>>.
    Found 1-bit register for signal <pc<25>>.
    Found 1-bit register for signal <pc<24>>.
    Found 1-bit register for signal <pc<23>>.
    Found 1-bit register for signal <pc<22>>.
    Found 1-bit register for signal <pc<21>>.
    Found 1-bit register for signal <pc<20>>.
    Found 1-bit register for signal <pc<19>>.
    Found 1-bit register for signal <pc<18>>.
    Found 1-bit register for signal <pc<17>>.
    Found 1-bit register for signal <pc<16>>.
    Found 1-bit register for signal <pc<15>>.
    Found 1-bit register for signal <pc<14>>.
    Found 1-bit register for signal <pc<13>>.
    Found 1-bit register for signal <pc<12>>.
    Found 1-bit register for signal <pc<11>>.
    Found 1-bit register for signal <pc<10>>.
    Found 1-bit register for signal <pc<9>>.
    Found 1-bit register for signal <pc<8>>.
    Found 1-bit register for signal <pc<7>>.
    Found 1-bit register for signal <pc<6>>.
    Found 1-bit register for signal <pc<5>>.
    Found 1-bit register for signal <pc<4>>.
    Found 1-bit register for signal <pc<3>>.
    Found 1-bit register for signal <pc<2>>.
    Found 1-bit register for signal <pc<1>>.
    Found 1-bit register for signal <pc<0>>.
    Summary:
	inferred  33 D-type flip-flop(s).
Unit <PC> synthesized.

Synthesizing Unit <IF_ID>.
    Related source file is "c:/mipscpu/if_id.v".
    Found 1-bit register for signal <id_inst<31>>.
    Found 1-bit register for signal <id_inst<30>>.
    Found 1-bit register for signal <id_inst<29>>.
    Found 1-bit register for signal <id_inst<28>>.
    Found 1-bit register for signal <id_inst<27>>.
    Found 1-bit register for signal <id_inst<26>>.
    Found 1-bit register for signal <id_inst<25>>.
    Found 1-bit register for signal <id_inst<24>>.
    Found 1-bit register for signal <id_inst<23>>.
    Found 1-bit register for signal <id_inst<22>>.
    Found 1-bit register for signal <id_inst<21>>.
    Found 1-bit register for signal <id_inst<20>>.
    Found 1-bit register for signal <id_inst<19>>.
    Found 1-bit register for signal <id_inst<18>>.
    Found 1-bit register for signal <id_inst<17>>.
    Found 1-bit register for signal <id_inst<16>>.
    Found 1-bit register for signal <id_inst<15>>.
    Found 1-bit register for signal <id_inst<14>>.
    Found 1-bit register for signal <id_inst<13>>.
    Found 1-bit register for signal <id_inst<12>>.
    Found 1-bit register for signal <id_inst<11>>.
    Found 1-bit register for signal <id_inst<10>>.
    Found 1-bit register for signal <id_inst<9>>.
    Found 1-bit register for signal <id_inst<8>>.
    Found 1-bit register for signal <id_inst<7>>.
    Found 1-bit register for signal <id_inst<6>>.
    Found 1-bit register for signal <id_inst<5>>.
    Found 1-bit register for signal <id_inst<4>>.
    Found 1-bit register for signal <id_inst<3>>.
    Found 1-bit register for signal <id_inst<2>>.
    Found 1-bit register for signal <id_inst<1>>.
    Found 1-bit register for signal <id_inst<0>>.
    Found 1-bit register for signal <id_pc<31>>.
    Found 1-bit register for signal <id_pc<30>>.
    Found 1-bit register for signal <id_pc<29>>.
    Found 1-bit register for signal <id_pc<28>>.
    Found 1-bit register for signal <id_pc<27>>.
    Found 1-bit register for signal <id_pc<26>>.
    Found 1-bit register for signal <id_pc<25>>.
    Found 1-bit register for signal <id_pc<24>>.
    Found 1-bit register for signal <id_pc<23>>.
    Found 1-bit register for signal <id_pc<22>>.
    Found 1-bit register for signal <id_pc<21>>.
    Found 1-bit register for signal <id_pc<20>>.
    Found 1-bit register for signal <id_pc<19>>.
    Found 1-bit register for signal <id_pc<18>>.
    Found 1-bit register for signal <id_pc<17>>.
    Found 1-bit register for signal <id_pc<16>>.
    Found 1-bit register for signal <id_pc<15>>.
    Found 1-bit register for signal <id_pc<14>>.
    Found 1-bit register for signal <id_pc<13>>.
    Found 1-bit register for signal <id_pc<12>>.
    Found 1-bit register for signal <id_pc<11>>.
    Found 1-bit register for signal <id_pc<10>>.
    Found 1-bit register for signal <id_pc<9>>.
    Found 1-bit register for signal <id_pc<8>>.
    Found 1-bit register for signal <id_pc<7>>.
    Found 1-bit register for signal <id_pc<6>>.
    Found 1-bit register for signal <id_pc<5>>.
    Found 1-bit register for signal <id_pc<4>>.
    Found 1-bit register for signal <id_pc<3>>.
    Found 1-bit register for signal <id_pc<2>>.
    Found 1-bit register for signal <id_pc<1>>.
    Found 1-bit register for signal <id_pc<0>>.
    Summary:
	inferred  64 D-type flip-flop(s).
Unit <IF_ID> synthesized.

Synthesizing Unit <ID>.
    Related source file is "c:/mipscpu/id.v".
    Summary:
	no macro.
Unit <ID> synthesized.

Synthesizing Unit <REG>.
    Related source file is "c:/mipscpu/reg.v".
    Found 1-bit register for signal <regs<0>_30>.
    Found 1-bit register for signal <regs<0>_29>.
    Found 1-bit register for signal <regs<0>_28>.
    Found 1-bit register for signal <regs<0>_27>.
    Found 1-bit register for signal <regs<0>_26>.
    Found 1-bit register for signal <regs<0>_25>.
    Found 1-bit register for signal <regs<0>_24>.
    Found 1-bit register for signal <regs<0>_23>.
    Found 1-bit register for signal <regs<0>_22>.
    Found 1-bit register for signal <regs<0>_21>.
    Found 1-bit register for signal <regs<0>_20>.
    Found 1-bit register for signal <regs<0>_19>.
    Found 1-bit register for signal <regs<0>_18>.
    Found 1-bit register for signal <regs<0>_17>.
    Found 1-bit register for signal <regs<0>_16>.
    Found 1-bit register for signal <regs<0>_15>.
    Found 1-bit register for signal <regs<0>_14>.
    Found 1-bit register for signal <regs<0>_13>.
    Found 1-bit register for signal <regs<0>_12>.
    Found 1-bit register for signal <regs<0>_11>.
    Found 1-bit register for signal <regs<0>_10>.
    Found 1-bit register for signal <regs<0>_9>.
    Found 1-bit register for signal <regs<0>_8>.
    Found 1-bit register for signal <regs<0>_7>.
    Found 1-bit register for signal <regs<0>_6>.
    Found 1-bit register for signal <regs<0>_5>.
    Found 1-bit register for signal <regs<0>_4>.
    Found 1-bit register for signal <regs<0>_3>.
    Found 1-bit register for signal <regs<0>_2>.
    Found 1-bit register for signal <regs<0>_1>.
    Found 1-bit register for signal <regs<0>_0>.
    Found 1-bit register for signal <regs<1>_31>.
    Found 1-bit register for signal <regs<1>_30>.
    Found 1-bit register for signal <regs<1>_29>.
    Found 1-bit register for signal <regs<1>_28>.
    Found 1-bit register for signal <regs<1>_27>.
    Found 1-bit register for signal <regs<1>_26>.
    Found 1-bit register for signal <regs<1>_25>.
    Found 1-bit register for signal <regs<1>_24>.
    Found 1-bit register for signal <regs<1>_23>.
    Found 1-bit register for signal <regs<1>_22>.
    Found 1-bit register for signal <regs<1>_21>.
    Found 1-bit register for signal <regs<1>_20>.
    Found 1-bit register for signal <regs<1>_19>.
    Found 1-bit register for signal <regs<1>_18>.
    Found 1-bit register for signal <regs<1>_17>.
    Found 1-bit register for signal <regs<1>_16>.
    Found 1-bit register for signal <regs<1>_15>.
    Found 1-bit register for signal <regs<1>_14>.
    Found 1-bit register for signal <regs<1>_13>.
    Found 1-bit register for signal <regs<1>_12>.
    Found 1-bit register for signal <regs<1>_11>.
    Found 1-bit register for signal <regs<1>_10>.
    Found 1-bit register for signal <regs<1>_9>.
    Found 1-bit register for signal <regs<1>_8>.
    Found 1-bit register for signal <regs<1>_7>.
    Found 1-bit register for signal <regs<1>_6>.
    Found 1-bit register for signal <regs<1>_5>.
    Found 1-bit register for signal <regs<1>_4>.
    Found 1-bit register for signal <regs<1>_3>.
    Found 1-bit register for signal <regs<1>_2>.
    Found 1-bit register for signal <regs<1>_1>.
    Found 1-bit register for signal <regs<1>_0>.
    Found 1-bit register for signal <regs<2>_31>.
    Found 1-bit register for signal <regs<2>_30>.
    Found 1-bit register for signal <regs<2>_29>.
    Found 1-bit register for signal <regs<2>_28>.
    Found 1-bit register for signal <regs<2>_27>.
    Found 1-bit register for signal <regs<2>_26>.
    Found 1-bit register for signal <regs<2>_25>.
    Found 1-bit register for signal <regs<2>_24>.
    Found 1-bit register for signal <regs<2>_23>.
    Found 1-bit register for signal <regs<2>_22>.
    Found 1-bit register for signal <regs<2>_21>.
    Found 1-bit register for signal <regs<2>_20>.
    Found 1-bit register for signal <regs<2>_19>.
    Found 1-bit register for signal <regs<2>_18>.
    Found 1-bit register for signal <regs<2>_17>.
    Found 1-bit register for signal <regs<2>_16>.
    Found 1-bit register for signal <regs<2>_15>.
    Found 1-bit register for signal <regs<2>_14>.
    Found 1-bit register for signal <regs<2>_13>.
    Found 1-bit register for signal <regs<2>_12>.
    Found 1-bit register for signal <regs<2>_11>.
    Found 1-bit register for signal <regs<2>_10>.
    Found 1-bit register for signal <regs<2>_9>.
    Found 1-bit register for signal <regs<2>_8>.
    Found 1-bit register for signal <regs<2>_7>.
    Found 1-bit register for signal <regs<2>_6>.
    Found 1-bit register for signal <regs<2>_5>.
    Found 1-bit register for signal <regs<2>_4>.
    Found 1-bit register for signal <regs<2>_3>.
    Found 1-bit register for signal <regs<2>_2>.
    Found 1-bit register for signal <regs<2>_1>.
    Found 1-bit register for signal <regs<2>_0>.
    Found 1-bit register for signal <regs<3>_31>.
    Found 1-bit register for signal <regs<3>_30>.
    Found 1-bit register for signal <regs<3>_29>.
    Found 1-bit register for signal <regs<3>_28>.
    Found 1-bit register for signal <regs<3>_27>.
    Found 1-bit register for signal <regs<3>_26>.
    Found 1-bit register for signal <regs<3>_25>.
    Found 1-bit register for signal <regs<3>_24>.
    Found 1-bit register for signal <regs<3>_23>.
    Found 1-bit register for signal <regs<3>_22>.
    Found 1-bit register for signal <regs<3>_21>.
    Found 1-bit register for signal <regs<3>_20>.
    Found 1-bit register for signal <regs<3>_19>.
    Found 1-bit register for signal <regs<3>_18>.
    Found 1-bit register for signal <regs<3>_17>.
    Found 1-bit register for signal <regs<3>_16>.
    Found 1-bit register for signal <regs<3>_15>.
    Found 1-bit register for signal <regs<3>_14>.
    Found 1-bit register for signal <regs<3>_13>.
    Found 1-bit register for signal <regs<3>_12>.
    Found 1-bit register for signal <regs<3>_11>.
    Found 1-bit register for signal <regs<3>_10>.
    Found 1-bit register for signal <regs<3>_9>.
    Found 1-bit register for signal <regs<3>_8>.
    Found 1-bit register for signal <regs<3>_7>.
    Found 1-bit register for signal <regs<3>_6>.
    Found 1-bit register for signal <regs<3>_5>.
    Found 1-bit register for signal <regs<3>_4>.
    Found 1-bit register for signal <regs<3>_3>.
    Found 1-bit register for signal <regs<3>_2>.
    Found 1-bit register for signal <regs<3>_1>.
    Found 1-bit register for signal <regs<3>_0>.
    Found 1-bit register for signal <regs<4>_31>.
    Found 1-bit register for signal <regs<4>_30>.
    Found 1-bit register for signal <regs<4>_29>.
    Found 1-bit register for signal <regs<4>_28>.
    Found 1-bit register for signal <regs<4>_27>.
    Found 1-bit register for signal <regs<4>_26>.
    Found 1-bit register for signal <regs<4>_25>.
    Found 1-bit register for signal <regs<4>_24>.
    Found 1-bit register for signal <regs<4>_23>.
    Found 1-bit register for signal <regs<4>_22>.
    Found 1-bit register for signal <regs<4>_21>.
    Found 1-bit register for signal <regs<4>_20>.
    Found 1-bit register for signal <regs<4>_19>.
    Found 1-bit register for signal <regs<4>_18>.
    Found 1-bit register for signal <regs<4>_17>.
    Found 1-bit register for signal <regs<4>_16>.
    Found 1-bit register for signal <regs<4>_15>.
    Found 1-bit register for signal <regs<4>_14>.
    Found 1-bit register for signal <regs<4>_13>.
    Found 1-bit register for signal <regs<4>_12>.
    Found 1-bit register for signal <regs<4>_11>.
    Found 1-bit register for signal <regs<4>_10>.
    Found 1-bit register for signal <regs<4>_9>.
    Found 1-bit register for signal <regs<4>_8>.
    Found 1-bit register for signal <regs<4>_7>.
    Found 1-bit register for signal <regs<4>_6>.
    Found 1-bit register for signal <regs<4>_5>.
    Found 1-bit register for signal <regs<4>_4>.
    Found 1-bit register for signal <regs<4>_3>.
    Found 1-bit register for signal <regs<4>_2>.
    Found 1-bit register for signal <regs<4>_1>.
    Found 1-bit register for signal <regs<4>_0>.
    Found 1-bit register for signal <regs<5>_31>.
    Found 1-bit register for signal <regs<5>_30>.
    Found 1-bit register for signal <regs<5>_29>.
    Found 1-bit register for signal <regs<5>_28>.
    Found 1-bit register for signal <regs<5>_27>.
    Found 1-bit register for signal <regs<5>_26>.
    Found 1-bit register for signal <regs<5>_25>.
    Found 1-bit register for signal <regs<5>_24>.
    Found 1-bit register for signal <regs<5>_23>.
    Found 1-bit register for signal <regs<5>_22>.
    Found 1-bit register for signal <regs<5>_21>.
    Found 1-bit register for signal <regs<5>_20>.
    Found 1-bit register for signal <regs<5>_19>.
    Found 1-bit register for signal <regs<5>_18>.
    Found 1-bit register for signal <regs<5>_17>.
    Found 1-bit register for signal <regs<5>_16>.
    Found 1-bit register for signal <regs<5>_15>.
    Found 1-bit register for signal <regs<5>_14>.
    Found 1-bit register for signal <regs<5>_13>.
    Found 1-bit register for signal <regs<5>_12>.
    Found 1-bit register for signal <regs<5>_11>.
    Found 1-bit register for signal <regs<5>_10>.
    Found 1-bit register for signal <regs<5>_9>.
    Found 1-bit register for signal <regs<5>_8>.
    Found 1-bit register for signal <regs<5>_7>.
    Found 1-bit register for signal <regs<5>_6>.
    Found 1-bit register for signal <regs<5>_5>.
    Found 1-bit register for signal <regs<5>_4>.
    Found 1-bit register for signal <regs<5>_3>.
    Found 1-bit register for signal <regs<5>_2>.
    Found 1-bit register for signal <regs<5>_1>.
    Found 1-bit register for signal <regs<5>_0>.
    Found 1-bit register for signal <regs<6>_31>.
    Found 1-bit register for signal <regs<6>_30>.
    Found 1-bit register for signal <regs<6>_29>.
    Found 1-bit register for signal <regs<6>_28>.
    Found 1-bit register for signal <regs<6>_27>.
    Found 1-bit register for signal <regs<6>_26>.
    Found 1-bit register for signal <regs<6>_25>.
    Found 1-bit register for signal <regs<6>_24>.
    Found 1-bit register for signal <regs<6>_23>.
    Found 1-bit register for signal <regs<6>_22>.
    Found 1-bit register for signal <regs<6>_21>.
    Found 1-bit register for signal <regs<6>_20>.
    Found 1-bit register for signal <regs<6>_19>.
    Found 1-bit register for signal <regs<6>_18>.
    Found 1-bit register for signal <regs<6>_17>.
    Found 1-bit register for signal <regs<6>_16>.
    Found 1-bit register for signal <regs<6>_15>.
    Found 1-bit register for signal <regs<6>_14>.
    Found 1-bit register for signal <regs<6>_13>.
    Found 1-bit register for signal <regs<6>_12>.
    Found 1-bit register for signal <regs<6>_11>.
    Found 1-bit register for signal <regs<6>_10>.
    Found 1-bit register for signal <regs<6>_9>.
    Found 1-bit register for signal <regs<6>_8>.
    Found 1-bit register for signal <regs<6>_7>.
    Found 1-bit register for signal <regs<6>_6>.
    Found 1-bit register for signal <regs<6>_5>.
    Found 1-bit register for signal <regs<6>_4>.
    Found 1-bit register for signal <regs<6>_3>.
    Found 1-bit register for signal <regs<6>_2>.
    Found 1-bit register for signal <regs<6>_1>.
    Found 1-bit register for signal <regs<6>_0>.
    Found 1-bit register for signal <regs<7>_31>.
    Found 1-bit register for signal <regs<7>_30>.
    Found 1-bit register for signal <regs<7>_29>.
    Found 1-bit register for signal <regs<7>_28>.
    Found 1-bit register for signal <regs<7>_27>.
    Found 1-bit register for signal <regs<7>_26>.
    Found 1-bit register for signal <regs<7>_25>.
    Found 1-bit register for signal <regs<7>_24>.
    Found 1-bit register for signal <regs<7>_23>.
    Found 1-bit register for signal <regs<7>_22>.
    Found 1-bit register for signal <regs<7>_21>.
    Found 1-bit register for signal <regs<7>_20>.
    Found 1-bit register for signal <regs<7>_19>.
    Found 1-bit register for signal <regs<7>_18>.
    Found 1-bit register for signal <regs<7>_17>.
    Found 1-bit register for signal <regs<7>_16>.
    Found 1-bit register for signal <regs<7>_15>.
    Found 1-bit register for signal <regs<7>_14>.
    Found 1-bit register for signal <regs<7>_13>.
    Found 1-bit register for signal <regs<7>_12>.
    Found 1-bit register for signal <regs<7>_11>.
    Found 1-bit register for signal <regs<7>_10>.
    Found 1-bit register for signal <regs<7>_9>.
    Found 1-bit register for signal <regs<7>_8>.
    Found 1-bit register for signal <regs<7>_7>.
    Found 1-bit register for signal <regs<7>_6>.
    Found 1-bit register for signal <regs<7>_5>.
    Found 1-bit register for signal <regs<7>_4>.
    Found 1-bit register for signal <regs<7>_3>.
    Found 1-bit register for signal <regs<7>_2>.
    Found 1-bit register for signal <regs<7>_1>.
    Found 1-bit register for signal <regs<7>_0>.
    Found 1-bit register for signal <regs<8>_31>.
    Found 1-bit register for signal <regs<8>_30>.
    Found 1-bit register for signal <regs<8>_29>.
    Found 1-bit register for signal <regs<8>_28>.
    Found 1-bit register for signal <regs<8>_27>.
    Found 1-bit register for signal <regs<8>_26>.
    Found 1-bit register for signal <regs<8>_25>.
    Found 1-bit register for signal <regs<8>_24>.
    Found 1-bit register for signal <regs<8>_23>.
    Found 1-bit register for signal <regs<8>_22>.
    Found 1-bit register for signal <regs<8>_21>.
    Found 1-bit register for signal <regs<8>_20>.
    Found 1-bit register for signal <regs<8>_19>.
    Found 1-bit register for signal <regs<8>_18>.
    Found 1-bit register for signal <regs<8>_17>.
    Found 1-bit register for signal <regs<8>_16>.
    Found 1-bit register for signal <regs<8>_15>.
    Found 1-bit register for signal <regs<8>_14>.
    Found 1-bit register for signal <regs<8>_13>.
    Found 1-bit register for signal <regs<8>_12>.
    Found 1-bit register for signal <regs<8>_11>.
    Found 1-bit register for signal <regs<8>_10>.
    Found 1-bit register for signal <regs<8>_9>.
    Found 1-bit register for signal <regs<8>_8>.
    Found 1-bit register for signal <regs<8>_7>.
    Found 1-bit register for signal <regs<8>_6>.
    Found 1-bit register for signal <regs<8>_5>.
    Found 1-bit register for signal <regs<8>_4>.
    Found 1-bit register for signal <regs<8>_3>.
    Found 1-bit register for signal <regs<8>_2>.
    Found 1-bit register for signal <regs<8>_1>.
    Found 1-bit register for signal <regs<8>_0>.
    Found 1-bit register for signal <regs<9>_31>.
    Found 1-bit register for signal <regs<9>_30>.
    Found 1-bit register for signal <regs<9>_29>.
    Found 1-bit register for signal <regs<9>_28>.
    Found 1-bit register for signal <regs<9>_27>.
    Found 1-bit register for signal <regs<9>_26>.
    Found 1-bit register for signal <regs<9>_25>.
    Found 1-bit register for signal <regs<9>_24>.
    Found 1-bit register for signal <regs<9>_23>.
    Found 1-bit register for signal <regs<9>_22>.
    Found 1-bit register for signal <regs<9>_21>.
    Found 1-bit register for signal <regs<9>_20>.
    Found 1-bit register for signal <regs<9>_19>.
    Found 1-bit register for signal <regs<9>_18>.
    Found 1-bit register for signal <regs<9>_17>.
    Found 1-bit register for signal <regs<9>_16>.
    Found 1-bit register for signal <regs<9>_15>.
    Found 1-bit register for signal <regs<9>_14>.
    Found 1-bit register for signal <regs<9>_13>.
    Found 1-bit register for signal <regs<9>_12>.
    Found 1-bit register for signal <regs<9>_11>.
    Found 1-bit register for signal <regs<9>_10>.
    Found 1-bit register for signal <regs<9>_9>.
    Found 1-bit register for signal <regs<9>_8>.
    Found 1-bit register for signal <regs<9>_7>.
    Found 1-bit register for signal <regs<9>_6>.
    Found 1-bit register for signal <regs<9>_5>.
    Found 1-bit register for signal <regs<9>_4>.
    Found 1-bit register for signal <regs<9>_3>.
    Found 1-bit register for signal <regs<9>_2>.
    Found 1-bit register for signal <regs<9>_1>.
    Found 1-bit register for signal <regs<9>_0>.
    Found 1-bit register for signal <regs<10>_31>.
    Found 1-bit register for signal <regs<10>_30>.
    Found 1-bit register for signal <regs<10>_29>.
    Found 1-bit register for signal <regs<10>_28>.
    Found 1-bit register for signal <regs<10>_27>.
    Found 1-bit register for signal <regs<10>_26>.
    Found 1-bit register for signal <regs<10>_25>.
    Found 1-bit register for signal <regs<10>_24>.
    Found 1-bit register for signal <regs<10>_23>.
    Found 1-bit register for signal <regs<10>_22>.
    Found 1-bit register for signal <regs<10>_21>.
    Found 1-bit register for signal <regs<10>_20>.
    Found 1-bit register for signal <regs<10>_19>.
    Found 1-bit register for signal <regs<10>_18>.
    Found 1-bit register for signal <regs<10>_17>.
    Found 1-bit register for signal <regs<10>_16>.
    Found 1-bit register for signal <regs<10>_15>.
    Found 1-bit register for signal <regs<10>_14>.
    Found 1-bit register for signal <regs<10>_13>.
    Found 1-bit register for signal <regs<10>_12>.
    Found 1-bit register for signal <regs<10>_11>.
    Found 1-bit register for signal <regs<10>_10>.
    Found 1-bit register for signal <regs<10>_9>.
    Found 1-bit register for signal <regs<10>_8>.
    Found 1-bit register for signal <regs<10>_7>.
    Found 1-bit register for signal <regs<10>_6>.
    Found 1-bit register for signal <regs<10>_5>.
    Found 1-bit register for signal <regs<10>_4>.
    Found 1-bit register for signal <regs<10>_3>.
    Found 1-bit register for signal <regs<10>_2>.
    Found 1-bit register for signal <regs<10>_1>.
    Found 1-bit register for signal <regs<10>_0>.
    Found 1-bit register for signal <regs<11>_31>.
    Found 1-bit register for signal <regs<11>_30>.
    Found 1-bit register for signal <regs<11>_29>.
    Found 1-bit register for signal <regs<11>_28>.
    Found 1-bit register for signal <regs<11>_27>.
    Found 1-bit register for signal <regs<11>_26>.
    Found 1-bit register for signal <regs<11>_25>.
    Found 1-bit register for signal <regs<11>_24>.
    Found 1-bit register for signal <regs<11>_23>.
    Found 1-bit register for signal <regs<11>_22>.
    Found 1-bit register for signal <regs<11>_21>.
    Found 1-bit register for signal <regs<11>_20>.
    Found 1-bit register for signal <regs<11>_19>.
    Found 1-bit register for signal <regs<11>_18>.
    Found 1-bit register for signal <regs<11>_17>.
    Found 1-bit register for signal <regs<11>_16>.
    Found 1-bit register for signal <regs<11>_15>.
    Found 1-bit register for signal <regs<11>_14>.
    Found 1-bit register for signal <regs<11>_13>.
    Found 1-bit register for signal <regs<11>_12>.
    Found 1-bit register for signal <regs<11>_11>.
    Found 1-bit register for signal <regs<11>_10>.
    Found 1-bit register for signal <regs<11>_9>.
    Found 1-bit register for signal <regs<11>_8>.
    Found 1-bit register for signal <regs<11>_7>.
    Found 1-bit register for signal <regs<11>_6>.
    Found 1-bit register for signal <regs<11>_5>.
    Found 1-bit register for signal <regs<11>_4>.
    Found 1-bit register for signal <regs<11>_3>.
    Found 1-bit register for signal <regs<11>_2>.
    Found 1-bit register for signal <regs<11>_1>.
    Found 1-bit register for signal <regs<11>_0>.
    Found 1-bit register for signal <regs<12>_31>.
    Found 1-bit register for signal <regs<12>_30>.
    Found 1-bit register for signal <regs<12>_29>.
    Found 1-bit register for signal <regs<12>_28>.
    Found 1-bit register for signal <regs<12>_27>.
    Found 1-bit register for signal <regs<12>_26>.
    Found 1-bit register for signal <regs<12>_25>.
    Found 1-bit register for signal <regs<12>_24>.
    Found 1-bit register for signal <regs<12>_23>.
    Found 1-bit register for signal <regs<12>_22>.
    Found 1-bit register for signal <regs<12>_21>.
    Found 1-bit register for signal <regs<12>_20>.
    Found 1-bit register for signal <regs<12>_19>.
    Found 1-bit register for signal <regs<12>_18>.
    Found 1-bit register for signal <regs<12>_17>.
    Found 1-bit register for signal <regs<12>_16>.
    Found 1-bit register for signal <regs<12>_15>.
    Found 1-bit register for signal <regs<12>_14>.
    Found 1-bit register for signal <regs<12>_13>.
    Found 1-bit register for signal <regs<12>_12>.
    Found 1-bit register for signal <regs<12>_11>.
    Found 1-bit register for signal <regs<12>_10>.
    Found 1-bit register for signal <regs<12>_9>.
    Found 1-bit register for signal <regs<12>_8>.
    Found 1-bit register for signal <regs<12>_7>.
    Found 1-bit register for signal <regs<12>_6>.
    Found 1-bit register for signal <regs<12>_5>.
    Found 1-bit register for signal <regs<12>_4>.
    Found 1-bit register for signal <regs<12>_3>.
    Found 1-bit register for signal <regs<12>_2>.
    Found 1-bit register for signal <regs<12>_1>.
    Found 1-bit register for signal <regs<12>_0>.
    Found 1-bit register for signal <regs<13>_31>.
    Found 1-bit register for signal <regs<13>_30>.
    Found 1-bit register for signal <regs<13>_29>.
    Found 1-bit register for signal <regs<13>_28>.
    Found 1-bit register for signal <regs<13>_27>.
    Found 1-bit register for signal <regs<13>_26>.
    Found 1-bit register for signal <regs<13>_25>.
    Found 1-bit register for signal <regs<13>_24>.
    Found 1-bit register for signal <regs<13>_23>.
    Found 1-bit register for signal <regs<13>_22>.
    Found 1-bit register for signal <regs<13>_21>.
    Found 1-bit register for signal <regs<13>_20>.
    Found 1-bit register for signal <regs<13>_19>.
    Found 1-bit register for signal <regs<13>_18>.
    Found 1-bit register for signal <regs<13>_17>.
    Found 1-bit register for signal <regs<13>_16>.
    Found 1-bit register for signal <regs<13>_15>.
    Found 1-bit register for signal <regs<13>_14>.
    Found 1-bit register for signal <regs<13>_13>.
    Found 1-bit register for signal <regs<13>_12>.
    Found 1-bit register for signal <regs<13>_11>.
    Found 1-bit register for signal <regs<13>_10>.
    Found 1-bit register for signal <regs<13>_9>.
    Found 1-bit register for signal <regs<13>_8>.
    Found 1-bit register for signal <regs<13>_7>.
    Found 1-bit register for signal <regs<13>_6>.
    Found 1-bit register for signal <regs<13>_5>.
    Found 1-bit register for signal <regs<13>_4>.
    Found 1-bit register for signal <regs<13>_3>.
    Found 1-bit register for signal <regs<13>_2>.
    Found 1-bit register for signal <regs<13>_1>.
    Found 1-bit register for signal <regs<13>_0>.
    Found 1-bit register for signal <regs<14>_31>.
    Found 1-bit register for signal <regs<14>_30>.
    Found 1-bit register for signal <regs<14>_29>.
    Found 1-bit register for signal <regs<14>_28>.
    Found 1-bit register for signal <regs<14>_27>.
    Found 1-bit register for signal <regs<14>_26>.
    Found 1-bit register for signal <regs<14>_25>.
    Found 1-bit register for signal <regs<14>_24>.
    Found 1-bit register for signal <regs<14>_23>.
    Found 1-bit register for signal <regs<14>_22>.
    Found 1-bit register for signal <regs<14>_21>.
    Found 1-bit register for signal <regs<14>_20>.
    Found 1-bit register for signal <regs<14>_19>.
    Found 1-bit register for signal <regs<14>_18>.
    Found 1-bit register for signal <regs<14>_17>.
    Found 1-bit register for signal <regs<14>_16>.
    Found 1-bit register for signal <regs<14>_15>.
    Found 1-bit register for signal <regs<14>_14>.
    Found 1-bit register for signal <regs<14>_13>.
    Found 1-bit register for signal <regs<14>_12>.
    Found 1-bit register for signal <regs<14>_11>.
    Found 1-bit register for signal <regs<14>_10>.
    Found 1-bit register for signal <regs<14>_9>.
    Found 1-bit register for signal <regs<14>_8>.
    Found 1-bit register for signal <regs<14>_7>.
    Found 1-bit register for signal <regs<14>_6>.
    Found 1-bit register for signal <regs<14>_5>.
    Found 1-bit register for signal <regs<14>_4>.
    Found 1-bit register for signal <regs<14>_3>.
    Found 1-bit register for signal <regs<14>_2>.
    Found 1-bit register for signal <regs<14>_1>.
    Found 1-bit register for signal <regs<14>_0>.
    Found 1-bit register for signal <regs<15>_31>.
    Found 1-bit register for signal <regs<15>_30>.
    Found 1-bit register for signal <regs<15>_29>.
    Found 1-bit register for signal <regs<15>_28>.
    Found 1-bit register for signal <regs<15>_27>.
    Found 1-bit register for signal <regs<15>_26>.
    Found 1-bit register for signal <regs<15>_25>.
    Found 1-bit register for signal <regs<15>_24>.
    Found 1-bit register for signal <regs<15>_23>.
    Found 1-bit register for signal <regs<15>_22>.
    Found 1-bit register for signal <regs<15>_21>.
    Found 1-bit register for signal <regs<15>_20>.
    Found 1-bit register for signal <regs<15>_19>.
    Found 1-bit register for signal <regs<15>_18>.
    Found 1-bit register for signal <regs<15>_17>.
    Found 1-bit register for signal <regs<15>_16>.
    Found 1-bit register for signal <regs<15>_15>.
    Found 1-bit register for signal <regs<15>_14>.
    Found 1-bit register for signal <regs<15>_13>.
    Found 1-bit register for signal <regs<15>_12>.
    Found 1-bit register for signal <regs<15>_11>.
    Found 1-bit register for signal <regs<15>_10>.
    Found 1-bit register for signal <regs<15>_9>.
    Found 1-bit register for signal <regs<15>_8>.
    Found 1-bit register for signal <regs<15>_7>.
    Found 1-bit register for signal <regs<15>_6>.
    Found 1-bit register for signal <regs<15>_5>.
    Found 1-bit register for signal <regs<15>_4>.
    Found 1-bit register for signal <regs<15>_3>.
    Found 1-bit register for signal <regs<15>_2>.
    Found 1-bit register for signal <regs<15>_1>.
    Found 1-bit register for signal <regs<15>_0>.
    Found 1-bit register for signal <regs<16>_31>.
    Found 1-bit register for signal <regs<16>_30>.
    Found 1-bit register for signal <regs<16>_29>.
    Found 1-bit register for signal <regs<16>_28>.
    Found 1-bit register for signal <regs<16>_27>.
    Found 1-bit register for signal <regs<16>_26>.
    Found 1-bit register for signal <regs<16>_25>.
    Found 1-bit register for signal <regs<16>_24>.
    Found 1-bit register for signal <regs<16>_23>.
    Found 1-bit register for signal <regs<16>_22>.
    Found 1-bit register for signal <regs<16>_21>.
    Found 1-bit register for signal <regs<16>_20>.
    Found 1-bit register for signal <regs<16>_19>.
    Found 1-bit register for signal <regs<16>_18>.
    Found 1-bit register for signal <regs<16>_17>.
    Found 1-bit register for signal <regs<16>_16>.
    Found 1-bit register for signal <regs<16>_15>.
    Found 1-bit register for signal <regs<16>_14>.
    Found 1-bit register for signal <regs<16>_13>.
    Found 1-bit register for signal <regs<16>_12>.
    Found 1-bit register for signal <regs<16>_11>.
    Found 1-bit register for signal <regs<16>_10>.
    Found 1-bit register for signal <regs<16>_9>.
    Found 1-bit register for signal <regs<16>_8>.
    Found 1-bit register for signal <regs<16>_7>.
    Found 1-bit register for signal <regs<16>_6>.
    Found 1-bit register for signal <regs<16>_5>.
    Found 1-bit register for signal <regs<16>_4>.
    Found 1-bit register for signal <regs<16>_3>.
    Found 1-bit register for signal <regs<16>_2>.
    Found 1-bit register for signal <regs<16>_1>.
    Found 1-bit register for signal <regs<16>_0>.
    Found 1-bit register for signal <regs<17>_31>.
    Found 1-bit register for signal <regs<17>_30>.
    Found 1-bit register for signal <regs<17>_29>.
    Found 1-bit register for signal <regs<17>_28>.
    Found 1-bit register for signal <regs<17>_27>.
    Found 1-bit register for signal <regs<17>_26>.
    Found 1-bit register for signal <regs<17>_25>.
    Found 1-bit register for signal <regs<17>_24>.
    Found 1-bit register for signal <regs<17>_23>.
    Found 1-bit register for signal <regs<17>_22>.
    Found 1-bit register for signal <regs<17>_21>.
    Found 1-bit register for signal <regs<17>_20>.
    Found 1-bit register for signal <regs<17>_19>.
    Found 1-bit register for signal <regs<17>_18>.
    Found 1-bit register for signal <regs<17>_17>.
    Found 1-bit register for signal <regs<17>_16>.
    Found 1-bit register for signal <regs<17>_15>.
    Found 1-bit register for signal <regs<17>_14>.
    Found 1-bit register for signal <regs<17>_13>.
    Found 1-bit register for signal <regs<17>_12>.
    Found 1-bit register for signal <regs<17>_11>.
    Found 1-bit register for signal <regs<17>_10>.
    Found 1-bit register for signal <regs<17>_9>.
    Found 1-bit register for signal <regs<17>_8>.
    Found 1-bit register for signal <regs<17>_7>.
    Found 1-bit register for signal <regs<17>_6>.
    Found 1-bit register for signal <regs<17>_5>.
    Found 1-bit register for signal <regs<17>_4>.
    Found 1-bit register for signal <regs<17>_3>.
    Found 1-bit register for signal <regs<17>_2>.
    Found 1-bit register for signal <regs<17>_1>.
    Found 1-bit register for signal <regs<17>_0>.
    Found 1-bit register for signal <regs<18>_31>.
    Found 1-bit register for signal <regs<18>_30>.
    Found 1-bit register for signal <regs<18>_29>.
    Found 1-bit register for signal <regs<18>_28>.
    Found 1-bit register for signal <regs<18>_27>.
    Found 1-bit register for signal <regs<18>_26>.
    Found 1-bit register for signal <regs<18>_25>.
    Found 1-bit register for signal <regs<18>_24>.
    Found 1-bit register for signal <regs<18>_23>.
    Found 1-bit register for signal <regs<18>_22>.
    Found 1-bit register for signal <regs<18>_21>.
    Found 1-bit register for signal <regs<18>_20>.
    Found 1-bit register for signal <regs<18>_19>.
    Found 1-bit register for signal <regs<18>_18>.
    Found 1-bit register for signal <regs<18>_17>.
    Found 1-bit register for signal <regs<18>_16>.
    Found 1-bit register for signal <regs<18>_15>.
    Found 1-bit register for signal <regs<18>_14>.
    Found 1-bit register for signal <regs<18>_13>.
    Found 1-bit register for signal <regs<18>_12>.
    Found 1-bit register for signal <regs<18>_11>.
    Found 1-bit register for signal <regs<18>_10>.
    Found 1-bit register for signal <regs<18>_9>.
    Found 1-bit register for signal <regs<18>_8>.
    Found 1-bit register for signal <regs<18>_7>.
    Found 1-bit register for signal <regs<18>_6>.
    Found 1-bit register for signal <regs<18>_5>.
    Found 1-bit register for signal <regs<18>_4>.
    Found 1-bit register for signal <regs<18>_3>.
    Found 1-bit register for signal <regs<18>_2>.
    Found 1-bit register for signal <regs<18>_1>.
    Found 1-bit register for signal <regs<18>_0>.
    Found 1-bit register for signal <regs<19>_31>.
    Found 1-bit register for signal <regs<19>_30>.
    Found 1-bit register for signal <regs<19>_29>.
    Found 1-bit register for signal <regs<19>_28>.
    Found 1-bit register for signal <regs<19>_27>.
    Found 1-bit register for signal <regs<19>_26>.
    Found 1-bit register for signal <regs<19>_25>.
    Found 1-bit register for signal <regs<19>_24>.
    Found 1-bit register for signal <regs<19>_23>.
    Found 1-bit register for signal <regs<19>_22>.
    Found 1-bit register for signal <regs<19>_21>.
    Found 1-bit register for signal <regs<19>_20>.
    Found 1-bit register for signal <regs<19>_19>.
    Found 1-bit register for signal <regs<19>_18>.
    Found 1-bit register for signal <regs<19>_17>.
    Found 1-bit register for signal <regs<19>_16>.
    Found 1-bit register for signal <regs<19>_15>.
    Found 1-bit register for signal <regs<19>_14>.
    Found 1-bit register for signal <regs<19>_13>.
    Found 1-bit register for signal <regs<19>_12>.
    Found 1-bit register for signal <regs<19>_11>.
    Found 1-bit register for signal <regs<19>_10>.
    Found 1-bit register for signal <regs<19>_9>.
    Found 1-bit register for signal <regs<19>_8>.
    Found 1-bit register for signal <regs<19>_7>.
    Found 1-bit register for signal <regs<19>_6>.
    Found 1-bit register for signal <regs<19>_5>.
    Found 1-bit register for signal <regs<19>_4>.
    Found 1-bit register for signal <regs<19>_3>.
    Found 1-bit register for signal <regs<19>_2>.
    Found 1-bit register for signal <regs<19>_1>.
    Found 1-bit register for signal <regs<19>_0>.
    Found 1-bit register for signal <regs<20>_31>.
    Found 1-bit register for signal <regs<20>_30>.
    Found 1-bit register for signal <regs<20>_29>.
    Found 1-bit register for signal <regs<20>_28>.
    Found 1-bit register for signal <regs<20>_27>.
    Found 1-bit register for signal <regs<20>_26>.
    Found 1-bit register for signal <regs<20>_25>.
    Found 1-bit register for signal <regs<20>_24>.
    Found 1-bit register for signal <regs<20>_23>.
    Found 1-bit register for signal <regs<20>_22>.
    Found 1-bit register for signal <regs<20>_21>.
    Found 1-bit register for signal <regs<20>_20>.
    Found 1-bit register for signal <regs<20>_19>.
    Found 1-bit register for signal <regs<20>_18>.
    Found 1-bit register for signal <regs<20>_17>.
    Found 1-bit register for signal <regs<20>_16>.
    Found 1-bit register for signal <regs<20>_15>.
    Found 1-bit register for signal <regs<20>_14>.
    Found 1-bit register for signal <regs<20>_13>.
    Found 1-bit register for signal <regs<20>_12>.
    Found 1-bit register for signal <regs<20>_11>.
    Found 1-bit register for signal <regs<20>_10>.
    Found 1-bit register for signal <regs<20>_9>.
    Found 1-bit register for signal <regs<20>_8>.
    Found 1-bit register for signal <regs<20>_7>.
    Found 1-bit register for signal <regs<20>_6>.
    Found 1-bit register for signal <regs<20>_5>.
    Found 1-bit register for signal <regs<20>_4>.
    Found 1-bit register for signal <regs<20>_3>.
    Found 1-bit register for signal <regs<20>_2>.
    Found 1-bit register for signal <regs<20>_1>.
    Found 1-bit register for signal <regs<20>_0>.
    Found 1-bit register for signal <regs<21>_31>.
    Found 1-bit register for signal <regs<21>_30>.
    Found 1-bit register for signal <regs<21>_29>.
    Found 1-bit register for signal <regs<21>_28>.
    Found 1-bit register for signal <regs<21>_27>.
    Found 1-bit register for signal <regs<21>_26>.
    Found 1-bit register for signal <regs<21>_25>.
    Found 1-bit register for signal <regs<21>_24>.
    Found 1-bit register for signal <regs<21>_23>.
    Found 1-bit register for signal <regs<21>_22>.
    Found 1-bit register for signal <regs<21>_21>.
    Found 1-bit register for signal <regs<21>_20>.
    Found 1-bit register for signal <regs<21>_19>.
    Found 1-bit register for signal <regs<21>_18>.
    Found 1-bit register for signal <regs<21>_17>.
    Found 1-bit register for signal <regs<21>_16>.
    Found 1-bit register for signal <regs<21>_15>.
    Found 1-bit register for signal <regs<21>_14>.
    Found 1-bit register for signal <regs<21>_13>.
    Found 1-bit register for signal <regs<21>_12>.
    Found 1-bit register for signal <regs<21>_11>.
    Found 1-bit register for signal <regs<21>_10>.
    Found 1-bit register for signal <regs<21>_9>.
    Found 1-bit register for signal <regs<21>_8>.
    Found 1-bit register for signal <regs<21>_7>.
    Found 1-bit register for signal <regs<21>_6>.
    Found 1-bit register for signal <regs<21>_5>.
    Found 1-bit register for signal <regs<21>_4>.
    Found 1-bit register for signal <regs<21>_3>.
    Found 1-bit register for signal <regs<21>_2>.
    Found 1-bit register for signal <regs<21>_1>.
    Found 1-bit register for signal <regs<21>_0>.
    Found 1-bit register for signal <regs<22>_31>.
    Found 1-bit register for signal <regs<22>_30>.
    Found 1-bit register for signal <regs<22>_29>.
    Found 1-bit register for signal <regs<22>_28>.
    Found 1-bit register for signal <regs<22>_27>.
    Found 1-bit register for signal <regs<22>_26>.
    Found 1-bit register for signal <regs<22>_25>.
    Found 1-bit register for signal <regs<22>_24>.
    Found 1-bit register for signal <regs<22>_23>.
    Found 1-bit register for signal <regs<22>_22>.
    Found 1-bit register for signal <regs<22>_21>.
    Found 1-bit register for signal <regs<22>_20>.
    Found 1-bit register for signal <regs<22>_19>.
    Found 1-bit register for signal <regs<22>_18>.
    Found 1-bit register for signal <regs<22>_17>.
    Found 1-bit register for signal <regs<22>_16>.
    Found 1-bit register for signal <regs<22>_15>.
    Found 1-bit register for signal <regs<22>_14>.
    Found 1-bit register for signal <regs<22>_13>.
    Found 1-bit register for signal <regs<22>_12>.
    Found 1-bit register for signal <regs<22>_11>.
    Found 1-bit register for signal <regs<22>_10>.
    Found 1-bit register for signal <regs<22>_9>.
    Found 1-bit register for signal <regs<22>_8>.
    Found 1-bit register for signal <regs<22>_7>.
    Found 1-bit register for signal <regs<22>_6>.
    Found 1-bit register for signal <regs<22>_5>.
    Found 1-bit register for signal <regs<22>_4>.
    Found 1-bit register for signal <regs<22>_3>.
    Found 1-bit register for signal <regs<22>_2>.
    Found 1-bit register for signal <regs<22>_1>.
    Found 1-bit register for signal <regs<22>_0>.
    Found 1-bit register for signal <regs<23>_31>.
    Found 1-bit register for signal <regs<23>_30>.
    Found 1-bit register for signal <regs<23>_29>.
    Found 1-bit register for signal <regs<23>_28>.
    Found 1-bit register for signal <regs<23>_27>.
    Found 1-bit register for signal <regs<23>_26>.
    Found 1-bit register for signal <regs<23>_25>.
    Found 1-bit register for signal <regs<23>_24>.
    Found 1-bit register for signal <regs<23>_23>.
    Found 1-bit register for signal <regs<23>_22>.
    Found 1-bit register for signal <regs<23>_21>.
    Found 1-bit register for signal <regs<23>_20>.
    Found 1-bit register for signal <regs<23>_19>.
    Found 1-bit register for signal <regs<23>_18>.
    Found 1-bit register for signal <regs<23>_17>.
    Found 1-bit register for signal <regs<23>_16>.
    Found 1-bit register for signal <regs<23>_15>.
    Found 1-bit register for signal <regs<23>_14>.
    Found 1-bit register for signal <regs<23>_13>.
    Found 1-bit register for signal <regs<23>_12>.
    Found 1-bit register for signal <regs<23>_11>.
    Found 1-bit register for signal <regs<23>_10>.
    Found 1-bit register for signal <regs<23>_9>.
    Found 1-bit register for signal <regs<23>_8>.
    Found 1-bit register for signal <regs<23>_7>.
    Found 1-bit register for signal <regs<23>_6>.
    Found 1-bit register for signal <regs<23>_5>.
    Found 1-bit register for signal <regs<23>_4>.
    Found 1-bit register for signal <regs<23>_3>.
    Found 1-bit register for signal <regs<23>_2>.
    Found 1-bit register for signal <regs<23>_1>.
    Found 1-bit register for signal <regs<23>_0>.
    Found 1-bit register for signal <regs<24>_31>.
    Found 1-bit register for signal <regs<24>_30>.
    Found 1-bit register for signal <regs<24>_29>.
    Found 1-bit register for signal <regs<24>_28>.
    Found 1-bit register for signal <regs<24>_27>.
    Found 1-bit register for signal <regs<24>_26>.
    Found 1-bit register for signal <regs<24>_25>.
    Found 1-bit register for signal <regs<24>_24>.
    Found 1-bit register for signal <regs<24>_23>.
    Found 1-bit register for signal <regs<24>_22>.
    Found 1-bit register for signal <regs<24>_21>.
    Found 1-bit register for signal <regs<24>_20>.
    Found 1-bit register for signal <regs<24>_19>.
    Found 1-bit register for signal <regs<24>_18>.
    Found 1-bit register for signal <regs<24>_17>.
    Found 1-bit register for signal <regs<24>_16>.
    Found 1-bit register for signal <regs<24>_15>.
    Found 1-bit register for signal <regs<24>_14>.
    Found 1-bit register for signal <regs<24>_13>.
    Found 1-bit register for signal <regs<24>_12>.
    Found 1-bit register for signal <regs<24>_11>.
    Found 1-bit register for signal <regs<24>_10>.
    Found 1-bit register for signal <regs<24>_9>.
    Found 1-bit register for signal <regs<24>_8>.
    Found 1-bit register for signal <regs<24>_7>.
    Found 1-bit register for signal <regs<24>_6>.
    Found 1-bit register for signal <regs<24>_5>.
    Found 1-bit register for signal <regs<24>_4>.
    Found 1-bit register for signal <regs<24>_3>.
    Found 1-bit register for signal <regs<24>_2>.
    Found 1-bit register for signal <regs<24>_1>.
    Found 1-bit register for signal <regs<24>_0>.
    Found 1-bit register for signal <regs<25>_31>.
    Found 1-bit register for signal <regs<25>_30>.
    Found 1-bit register for signal <regs<25>_29>.
    Found 1-bit register for signal <regs<25>_28>.
    Found 1-bit register for signal <regs<25>_27>.
    Found 1-bit register for signal <regs<25>_26>.
    Found 1-bit register for signal <regs<25>_25>.
    Found 1-bit register for signal <regs<25>_24>.
    Found 1-bit register for signal <regs<25>_23>.
    Found 1-bit register for signal <regs<25>_22>.
    Found 1-bit register for signal <regs<25>_21>.
    Found 1-bit register for signal <regs<25>_20>.
    Found 1-bit register for signal <regs<25>_19>.
    Found 1-bit register for signal <regs<25>_18>.
    Found 1-bit register for signal <regs<25>_17>.
    Found 1-bit register for signal <regs<25>_16>.
    Found 1-bit register for signal <regs<25>_15>.
    Found 1-bit register for signal <regs<25>_14>.
    Found 1-bit register for signal <regs<25>_13>.
    Found 1-bit register for signal <regs<25>_12>.
    Found 1-bit register for signal <regs<25>_11>.
    Found 1-bit register for signal <regs<25>_10>.
    Found 1-bit register for signal <regs<25>_9>.
    Found 1-bit register for signal <regs<25>_8>.
    Found 1-bit register for signal <regs<25>_7>.
    Found 1-bit register for signal <regs<25>_6>.
    Found 1-bit register for signal <regs<25>_5>.
    Found 1-bit register for signal <regs<25>_4>.
    Found 1-bit register for signal <regs<25>_3>.
    Found 1-bit register for signal <regs<25>_2>.
    Found 1-bit register for signal <regs<25>_1>.
    Found 1-bit register for signal <regs<25>_0>.
    Found 1-bit register for signal <regs<26>_31>.
    Found 1-bit register for signal <regs<26>_30>.
    Found 1-bit register for signal <regs<26>_29>.
    Found 1-bit register for signal <regs<26>_28>.
    Found 1-bit register for signal <regs<26>_27>.
    Found 1-bit register for signal <regs<26>_26>.
    Found 1-bit register for signal <regs<26>_25>.
    Found 1-bit register for signal <regs<26>_24>.
    Found 1-bit register for signal <regs<26>_23>.
    Found 1-bit register for signal <regs<26>_22>.
    Found 1-bit register for signal <regs<26>_21>.
    Found 1-bit register for signal <regs<26>_20>.
    Found 1-bit register for signal <regs<26>_19>.
    Found 1-bit register for signal <regs<26>_18>.
    Found 1-bit register for signal <regs<26>_17>.
    Found 1-bit register for signal <regs<26>_16>.
    Found 1-bit register for signal <regs<26>_15>.
    Found 1-bit register for signal <regs<26>_14>.
    Found 1-bit register for signal <regs<26>_13>.
    Found 1-bit register for signal <regs<26>_12>.
    Found 1-bit register for signal <regs<26>_11>.
    Found 1-bit register for signal <regs<26>_10>.
    Found 1-bit register for signal <regs<26>_9>.
    Found 1-bit register for signal <regs<26>_8>.
    Found 1-bit register for signal <regs<26>_7>.
    Found 1-bit register for signal <regs<26>_6>.
    Found 1-bit register for signal <regs<26>_5>.
    Found 1-bit register for signal <regs<26>_4>.
    Found 1-bit register for signal <regs<26>_3>.
    Found 1-bit register for signal <regs<26>_2>.
    Found 1-bit register for signal <regs<26>_1>.
    Found 1-bit register for signal <regs<26>_0>.
    Found 1-bit register for signal <regs<27>_31>.
    Found 1-bit register for signal <regs<27>_30>.
    Found 1-bit register for signal <regs<27>_29>.
    Found 1-bit register for signal <regs<27>_28>.
    Found 1-bit register for signal <regs<27>_27>.
    Found 1-bit register for signal <regs<27>_26>.
    Found 1-bit register for signal <regs<27>_25>.
    Found 1-bit register for signal <regs<27>_24>.
    Found 1-bit register for signal <regs<27>_23>.
    Found 1-bit register for signal <regs<27>_22>.
    Found 1-bit register for signal <regs<27>_21>.
    Found 1-bit register for signal <regs<27>_20>.
    Found 1-bit register for signal <regs<27>_19>.
    Found 1-bit register for signal <regs<27>_18>.
    Found 1-bit register for signal <regs<27>_17>.
    Found 1-bit register for signal <regs<27>_16>.
    Found 1-bit register for signal <regs<27>_15>.
    Found 1-bit register for signal <regs<27>_14>.
    Found 1-bit register for signal <regs<27>_13>.
    Found 1-bit register for signal <regs<27>_12>.
    Found 1-bit register for signal <regs<27>_11>.
    Found 1-bit register for signal <regs<27>_10>.
    Found 1-bit register for signal <regs<27>_9>.
    Found 1-bit register for signal <regs<27>_8>.
    Found 1-bit register for signal <regs<27>_7>.
    Found 1-bit register for signal <regs<27>_6>.
    Found 1-bit register for signal <regs<27>_5>.
    Found 1-bit register for signal <regs<27>_4>.
    Found 1-bit register for signal <regs<27>_3>.
    Found 1-bit register for signal <regs<27>_2>.
    Found 1-bit register for signal <regs<27>_1>.
    Found 1-bit register for signal <regs<27>_0>.
    Found 1-bit register for signal <regs<28>_31>.
    Found 1-bit register for signal <regs<28>_30>.
    Found 1-bit register for signal <regs<28>_29>.
    Found 1-bit register for signal <regs<28>_28>.
    Found 1-bit register for signal <regs<28>_27>.
    Found 1-bit register for signal <regs<28>_26>.
    Found 1-bit register for signal <regs<28>_25>.
    Found 1-bit register for signal <regs<28>_24>.
    Found 1-bit register for signal <regs<28>_23>.
    Found 1-bit register for signal <regs<28>_22>.
    Found 1-bit register for signal <regs<28>_21>.
    Found 1-bit register for signal <regs<28>_20>.
    Found 1-bit register for signal <regs<28>_19>.
    Found 1-bit register for signal <regs<28>_18>.
    Found 1-bit register for signal <regs<28>_17>.
    Found 1-bit register for signal <regs<28>_16>.
    Found 1-bit register for signal <regs<28>_15>.
    Found 1-bit register for signal <regs<28>_14>.
    Found 1-bit register for signal <regs<28>_13>.
    Found 1-bit register for signal <regs<28>_12>.
    Found 1-bit register for signal <regs<28>_11>.
    Found 1-bit register for signal <regs<28>_10>.
    Found 1-bit register for signal <regs<28>_9>.
    Found 1-bit register for signal <regs<28>_8>.
    Found 1-bit register for signal <regs<28>_7>.
    Found 1-bit register for signal <regs<28>_6>.
    Found 1-bit register for signal <regs<28>_5>.
    Found 1-bit register for signal <regs<28>_4>.
    Found 1-bit register for signal <regs<28>_3>.
    Found 1-bit register for signal <regs<28>_2>.
    Found 1-bit register for signal <regs<28>_1>.
    Found 1-bit register for signal <regs<28>_0>.
    Found 1-bit register for signal <regs<29>_31>.
    Found 1-bit register for signal <regs<29>_30>.
    Found 1-bit register for signal <regs<29>_29>.
    Found 1-bit register for signal <regs<29>_28>.
    Found 1-bit register for signal <regs<29>_27>.
    Found 1-bit register for signal <regs<29>_26>.
    Found 1-bit register for signal <regs<29>_25>.
    Found 1-bit register for signal <regs<29>_24>.
    Found 1-bit register for signal <regs<29>_23>.
    Found 1-bit register for signal <regs<29>_22>.
    Found 1-bit register for signal <regs<29>_21>.
    Found 1-bit register for signal <regs<29>_20>.
    Found 1-bit register for signal <regs<29>_19>.
    Found 1-bit register for signal <regs<29>_18>.
    Found 1-bit register for signal <regs<29>_17>.
    Found 1-bit register for signal <regs<29>_16>.
    Found 1-bit register for signal <regs<29>_15>.
    Found 1-bit register for signal <regs<29>_14>.
    Found 1-bit register for signal <regs<29>_13>.
    Found 1-bit register for signal <regs<29>_12>.
    Found 1-bit register for signal <regs<29>_11>.
    Found 1-bit register for signal <regs<29>_10>.
    Found 1-bit register for signal <regs<29>_9>.
    Found 1-bit register for signal <regs<29>_8>.
    Found 1-bit register for signal <regs<29>_7>.
    Found 1-bit register for signal <regs<29>_6>.
    Found 1-bit register for signal <regs<29>_5>.
    Found 1-bit register for signal <regs<29>_4>.
    Found 1-bit register for signal <regs<29>_3>.
    Found 1-bit register for signal <regs<29>_2>.
    Found 1-bit register for signal <regs<29>_1>.
    Found 1-bit register for signal <regs<29>_0>.
    Found 1-bit register for signal <regs<30>_31>.
    Found 1-bit register for signal <regs<30>_30>.
    Found 1-bit register for signal <regs<30>_29>.
    Found 1-bit register for signal <regs<30>_28>.
    Found 1-bit register for signal <regs<30>_27>.
    Found 1-bit register for signal <regs<30>_26>.
    Found 1-bit register for signal <regs<30>_25>.
    Found 1-bit register for signal <regs<30>_24>.
    Found 1-bit register for signal <regs<30>_23>.
    Found 1-bit register for signal <regs<30>_22>.
    Found 1-bit register for signal <regs<30>_21>.
    Found 1-bit register for signal <regs<30>_20>.
    Found 1-bit register for signal <regs<30>_19>.
    Found 1-bit register for signal <regs<30>_18>.
    Found 1-bit register for signal <regs<30>_17>.
    Found 1-bit register for signal <regs<30>_16>.
    Found 1-bit register for signal <regs<30>_15>.
    Found 1-bit register for signal <regs<30>_14>.
    Found 1-bit register for signal <regs<30>_13>.
    Found 1-bit register for signal <regs<30>_12>.
    Found 1-bit register for signal <regs<30>_11>.
    Found 1-bit register for signal <regs<30>_10>.
    Found 1-bit register for signal <regs<30>_9>.
    Found 1-bit register for signal <regs<30>_8>.
    Found 1-bit register for signal <regs<30>_7>.
    Found 1-bit register for signal <regs<30>_6>.
    Found 1-bit register for signal <regs<30>_5>.
    Found 1-bit register for signal <regs<30>_4>.
    Found 1-bit register for signal <regs<30>_3>.
    Found 1-bit register for signal <regs<30>_2>.
    Found 1-bit register for signal <regs<30>_1>.
    Found 1-bit register for signal <regs<30>_0>.
    Found 1-bit register for signal <regs<31>_31>.
    Found 1-bit register for signal <regs<31>_30>.
    Found 1-bit register for signal <regs<31>_29>.
    Found 1-bit register for signal <regs<31>_28>.
    Found 1-bit register for signal <regs<31>_27>.
    Found 1-bit register for signal <regs<31>_26>.
    Found 1-bit register for signal <regs<31>_25>.
    Found 1-bit register for signal <regs<31>_24>.
    Found 1-bit register for signal <regs<31>_23>.
    Found 1-bit register for signal <regs<31>_22>.
    Found 1-bit register for signal <regs<31>_21>.
    Found 1-bit register for signal <regs<31>_20>.
    Found 1-bit register for signal <regs<31>_19>.
    Found 1-bit register for signal <regs<31>_18>.
    Found 1-bit register for signal <regs<31>_17>.
    Found 1-bit register for signal <regs<31>_16>.
    Found 1-bit register for signal <regs<31>_15>.
    Found 1-bit register for signal <regs<31>_14>.
    Found 1-bit register for signal <regs<31>_13>.
    Found 1-bit register for signal <regs<31>_12>.
    Found 1-bit register for signal <regs<31>_11>.
    Found 1-bit register for signal <regs<31>_10>.
    Found 1-bit register for signal <regs<31>_9>.
    Found 1-bit register for signal <regs<31>_8>.
    Found 1-bit register for signal <regs<31>_7>.
    Found 1-bit register for signal <regs<31>_6>.
    Found 1-bit register for signal <regs<31>_5>.
    Found 1-bit register for signal <regs<31>_4>.
    Found 1-bit register for signal <regs<31>_3>.
    Found 1-bit register for signal <regs<31>_2>.
    Found 1-bit register for signal <regs<31>_1>.
    Found 1-bit register for signal <regs<31>_0>.
    Found 1-bit register for signal <regs<0>_31>.
    Summary:
	inferred 1024 D-type flip-flop(s).
Unit <REG> synthesized.

Synthesizing Unit <ID_EX>.
    Related source file is "c:/mipscpu/id_ex.v".
    Found 1-bit register for signal <ex_aluop<7>>.
    Found 1-bit register for signal <ex_aluop<6>>.
    Found 1-bit register for signal <ex_aluop<5>>.
    Found 1-bit register for signal <ex_aluop<4>>.
    Found 1-bit register for signal <ex_aluop<3>>.
    Found 1-bit register for signal <ex_aluop<2>>.
    Found 1-bit register for signal <ex_aluop<1>>.
    Found 1-bit register for signal <ex_aluop<0>>.
    Found 1-bit register for signal <ex_reg1<31>>.
    Found 1-bit register for signal <ex_reg1<30>>.
    Found 1-bit register for signal <ex_reg1<29>>.
    Found 1-bit register for signal <ex_reg1<28>>.
    Found 1-bit register for signal <ex_reg1<27>>.
    Found 1-bit register for signal <ex_reg1<26>>.
    Found 1-bit register for signal <ex_reg1<25>>.
    Found 1-bit register for signal <ex_reg1<24>>.
    Found 1-bit register for signal <ex_reg1<23>>.
    Found 1-bit register for signal <ex_reg1<22>>.
    Found 1-bit register for signal <ex_reg1<21>>.
    Found 1-bit register for signal <ex_reg1<20>>.
    Found 1-bit register for signal <ex_reg1<19>>.
    Found 1-bit register for signal <ex_reg1<18>>.
    Found 1-bit register for signal <ex_reg1<17>>.
    Found 1-bit register for signal <ex_reg1<16>>.
    Found 1-bit register for signal <ex_reg1<15>>.
    Found 1-bit register for signal <ex_reg1<14>>.
    Found 1-bit register for signal <ex_reg1<13>>.
    Found 1-bit register for signal <ex_reg1<12>>.
    Found 1-bit register for signal <ex_reg1<11>>.
    Found 1-bit register for signal <ex_reg1<10>>.
    Found 1-bit register for signal <ex_reg1<9>>.
    Found 1-bit register for signal <ex_reg1<8>>.
    Found 1-bit register for signal <ex_reg1<7>>.
    Found 1-bit register for signal <ex_reg1<6>>.
    Found 1-bit register for signal <ex_reg1<5>>.
    Found 1-bit register for signal <ex_reg1<4>>.
    Found 1-bit register for signal <ex_reg1<3>>.
    Found 1-bit register for signal <ex_reg1<2>>.
    Found 1-bit register for signal <ex_reg1<1>>.
    Found 1-bit register for signal <ex_reg1<0>>.
    Found 1-bit register for signal <ex_reg2<31>>.
    Found 1-bit register for signal <ex_reg2<30>>.
    Found 1-bit register for signal <ex_reg2<29>>.
    Found 1-bit register for signal <ex_reg2<28>>.
    Found 1-bit register for signal <ex_reg2<27>>.
    Found 1-bit register for signal <ex_reg2<26>>.
    Found 1-bit register for signal <ex_reg2<25>>.
    Found 1-bit register for signal <ex_reg2<24>>.
    Found 1-bit register for signal <ex_reg2<23>>.
    Found 1-bit register for signal <ex_reg2<22>>.
    Found 1-bit register for signal <ex_reg2<21>>.
    Found 1-bit register for signal <ex_reg2<20>>.
    Found 1-bit register for signal <ex_reg2<19>>.
    Found 1-bit register for signal <ex_reg2<18>>.
    Found 1-bit register for signal <ex_reg2<17>>.
    Found 1-bit register for signal <ex_reg2<16>>.
    Found 1-bit register for signal <ex_reg2<15>>.
    Found 1-bit register for signal <ex_reg2<14>>.
    Found 1-bit register for signal <ex_reg2<13>>.
    Found 1-bit register for signal <ex_reg2<12>>.
    Found 1-bit register for signal <ex_reg2<11>>.
    Found 1-bit register for signal <ex_reg2<10>>.
    Found 1-bit register for signal <ex_reg2<9>>.
    Found 1-bit register for signal <ex_reg2<8>>.
    Found 1-bit register for signal <ex_reg2<7>>.
    Found 1-bit register for signal <ex_reg2<6>>.
    Found 1-bit register for signal <ex_reg2<5>>.
    Found 1-bit register for signal <ex_reg2<4>>.
    Found 1-bit register for signal <ex_reg2<3>>.
    Found 1-bit register for signal <ex_reg2<2>>.
    Found 1-bit register for signal <ex_reg2<1>>.
    Found 1-bit register for signal <ex_reg2<0>>.
    Found 1-bit register for signal <ex_wd<4>>.
    Found 1-bit register for signal <ex_wd<3>>.
    Found 1-bit register for signal <ex_wd<2>>.
    Found 1-bit register for signal <ex_wd<1>>.
    Found 1-bit register for signal <ex_wd<0>>.
    Found 1-bit register for signal <ex_wreg>.
    Found 1-bit register for signal <ex_is_in_delayslot>.
    Found 1-bit register for signal <ex_link_address<31>>.
    Found 1-bit register for signal <ex_link_address<30>>.
    Found 1-bit register for signal <ex_link_address<29>>.
    Found 1-bit register for signal <ex_link_address<28>>.
    Found 1-bit register for signal <ex_link_address<27>>.
    Found 1-bit register for signal <ex_link_address<26>>.
    Found 1-bit register for signal <ex_link_address<25>>.
    Found 1-bit register for signal <ex_link_address<24>>.
    Found 1-bit register for signal <ex_link_address<23>>.
    Found 1-bit register for signal <ex_link_address<22>>.
    Found 1-bit register for signal <ex_link_address<21>>.
    Found 1-bit register for signal <ex_link_address<20>>.
    Found 1-bit register for signal <ex_link_address<19>>.
    Found 1-bit register for signal <ex_link_address<18>>.
    Found 1-bit register for signal <ex_link_address<17>>.
    Found 1-bit register for signal <ex_link_address<16>>.
    Found 1-bit register for signal <ex_link_address<15>>.
    Found 1-bit register for signal <ex_link_address<14>>.
    Found 1-bit register for signal <ex_link_address<13>>.
    Found 1-bit register for signal <ex_link_address<12>>.
    Found 1-bit register for signal <ex_link_address<11>>.
    Found 1-bit register for signal <ex_link_address<10>>.
    Found 1-bit register for signal <ex_link_address<9>>.
    Found 1-bit register for signal <ex_link_address<8>>.
    Found 1-bit register for signal <ex_link_address<7>>.
    Found 1-bit register for signal <ex_link_address<6>>.
    Found 1-bit register for signal <ex_link_address<5>>.
    Found 1-bit register for signal <ex_link_address<4>>.
    Found 1-bit register for signal <ex_link_address<3>>.
    Found 1-bit register for signal <ex_link_address<2>>.
    Found 1-bit register for signal <ex_link_address<1>>.
    Found 1-bit register for signal <ex_link_address<0>>.
    Found 1-bit register for signal <is_in_delayslot_o>.
    Found 1-bit register for signal <ex_alusel<2>>.
    Found 1-bit register for signal <ex_alusel<1>>.
    Found 1-bit register for signal <ex_alusel<0>>.
    Summary:
	inferred 115 D-type flip-flop(s).
Unit <ID_EX> synthesized.

Synthesizing Unit <EX>.
    Related source file is "c:/mipscpu/ex.v".
WARNING:Xst:647 - Input <is_in_delayslot_i> is never used. This port will be preserved and left unconnected if it belongs to a top-level block or it belongs to a sub-block and the hierarchy of this sub-block is preserved.
    Summary:
	no macro.
Unit <EX> synthesized.

Synthesizing Unit <EX_MEM>.
    Related source file is "c:/mipscpu/ex_mem.v".
    Found 1-bit register for signal <mem_wreg>.
    Found 1-bit register for signal <mem_wdata<31>>.
    Found 1-bit register for signal <mem_wdata<30>>.
    Found 1-bit register for signal <mem_wdata<29>>.
    Found 1-bit register for signal <mem_wdata<28>>.
    Found 1-bit register for signal <mem_wdata<27>>.
    Found 1-bit register for signal <mem_wdata<26>>.
    Found 1-bit register for signal <mem_wdata<25>>.
    Found 1-bit register for signal <mem_wdata<24>>.
    Found 1-bit register for signal <mem_wdata<23>>.
    Found 1-bit register for signal <mem_wdata<22>>.
    Found 1-bit register for signal <mem_wdata<21>>.
    Found 1-bit register for signal <mem_wdata<20>>.
    Found 1-bit register for signal <mem_wdata<19>>.
    Found 1-bit register for signal <mem_wdata<18>>.
    Found 1-bit register for signal <mem_wdata<17>>.
    Found 1-bit register for signal <mem_wdata<16>>.
    Found 1-bit register for signal <mem_wdata<15>>.
    Found 1-bit register for signal <mem_wdata<14>>.
    Found 1-bit register for signal <mem_wdata<13>>.
    Found 1-bit register for signal <mem_wdata<12>>.
    Found 1-bit register for signal <mem_wdata<11>>.
    Found 1-bit register for signal <mem_wdata<10>>.
    Found 1-bit register for signal <mem_wdata<9>>.
    Found 1-bit register for signal <mem_wdata<8>>.
    Found 1-bit register for signal <mem_wdata<7>>.
    Found 1-bit register for signal <mem_wdata<6>>.
    Found 1-bit register for signal <mem_wdata<5>>.
    Found 1-bit register for signal <mem_wdata<4>>.
    Found 1-bit register for signal <mem_wdata<3>>.
    Found 1-bit register for signal <mem_wdata<2>>.
    Found 1-bit register for signal <mem_wdata<1>>.
    Found 1-bit register for signal <mem_wdata<0>>.
    Found 1-bit register for signal <mem_whilo>.
    Found 1-bit register for signal <mem_hi<31>>.
    Found 1-bit register for signal <mem_hi<30>>.
    Found 1-bit register for signal <mem_hi<29>>.
    Found 1-bit register for signal <mem_hi<28>>.
    Found 1-bit register for signal <mem_hi<27>>.
    Found 1-bit register for signal <mem_hi<26>>.
    Found 1-bit register for signal <mem_hi<25>>.
    Found 1-bit register for signal <mem_hi<24>>.
    Found 1-bit register for signal <mem_hi<23>>.
    Found 1-bit register for signal <mem_hi<22>>.
    Found 1-bit register for signal <mem_hi<21>>.
    Found 1-bit register for signal <mem_hi<20>>.
    Found 1-bit register for signal <mem_hi<19>>.
    Found 1-bit register for signal <mem_hi<18>>.
    Found 1-bit register for signal <mem_hi<17>>.
    Found 1-bit register for signal <mem_hi<16>>.
    Found 1-bit register for signal <mem_hi<15>>.
    Found 1-bit register for signal <mem_hi<14>>.
    Found 1-bit register for signal <mem_hi<13>>.
    Found 1-bit register for signal <mem_hi<12>>.
    Found 1-bit register for signal <mem_hi<11>>.
    Found 1-bit register for signal <mem_hi<10>>.
    Found 1-bit register for signal <mem_hi<9>>.
    Found 1-bit register for signal <mem_hi<8>>.
    Found 1-bit register for signal <mem_hi<7>>.
    Found 1-bit register for signal <mem_hi<6>>.
    Found 1-bit register for signal <mem_hi<5>>.
    Found 1-bit register for signal <mem_hi<4>>.
    Found 1-bit register for signal <mem_hi<3>>.
    Found 1-bit register for signal <mem_hi<2>>.
    Found 1-bit register for signal <mem_hi<1>>.
    Found 1-bit register for signal <mem_hi<0>>.
    Found 1-bit register for signal <mem_lo<31>>.
    Found 1-bit register for signal <mem_lo<30>>.
    Found 1-bit register for signal <mem_lo<29>>.
    Found 1-bit register for signal <mem_lo<28>>.
    Found 1-bit register for signal <mem_lo<27>>.
    Found 1-bit register for signal <mem_lo<26>>.
    Found 1-bit register for signal <mem_lo<25>>.
    Found 1-bit register for signal <mem_lo<24>>.
    Found 1-bit register for signal <mem_lo<23>>.
    Found 1-bit register for signal <mem_lo<22>>.
    Found 1-bit register for signal <mem_lo<21>>.
    Found 1-bit register for signal <mem_lo<20>>.
    Found 1-bit register for signal <mem_lo<19>>.
    Found 1-bit register for signal <mem_lo<18>>.
    Found 1-bit register for signal <mem_lo<17>>.
    Found 1-bit register for signal <mem_lo<16>>.
    Found 1-bit register for signal <mem_lo<15>>.
    Found 1-bit register for signal <mem_lo<14>>.
    Found 1-bit register for signal <mem_lo<13>>.
    Found 1-bit register for signal <mem_lo<12>>.
    Found 1-bit register for signal <mem_lo<11>>.
    Found 1-bit register for signal <mem_lo<10>>.
    Found 1-bit register for signal <mem_lo<9>>.
    Found 1-bit register for signal <mem_lo<8>>.
    Found 1-bit register for signal <mem_lo<7>>.
    Found 1-bit register for signal <mem_lo<6>>.
    Found 1-bit register for signal <mem_lo<5>>.
    Found 1-bit register for signal <mem_lo<4>>.
    Found 1-bit register for signal <mem_lo<3>>.
    Found 1-bit register for signal <mem_lo<2>>.
    Found 1-bit register for signal <mem_lo<1>>.
    Found 1-bit register for signal <mem_lo<0>>.
    Found 1-bit register for signal <mem_wd<4>>.
    Found 1-bit register for signal <mem_wd<3>>.
    Found 1-bit register for signal <mem_wd<2>>.
    Found 1-bit register for signal <mem_wd<1>>.
    Found 1-bit register for signal <mem_wd<0>>.
    Summary:
	inferred 103 D-type flip-flop(s).
Unit <EX_MEM> synthesized.

Synthesizing Unit <MEM>.
    Related source file is "c:/mipscpu/mem.v".
    Summary:
	no macro.
Unit <MEM> synthesized.

Synthesizing Unit <MEM_WB>.
    Related source file is "c:/mipscpu/mem_wb.v".
    Found 1-bit register for signal <wb_wreg>.
    Found 1-bit register for signal <wb_wdata<31>>.
    Found 1-bit register for signal <wb_wdata<30>>.
    Found 1-bit register for signal <wb_wdata<29>>.
    Found 1-bit register for signal <wb_wdata<28>>.
    Found 1-bit register for signal <wb_wdata<27>>.
    Found 1-bit register for signal <wb_wdata<26>>.
    Found 1-bit register for signal <wb_wdata<25>>.
    Found 1-bit register for signal <wb_wdata<24>>.
    Found 1-bit register for signal <wb_wdata<23>>.
    Found 1-bit register for signal <wb_wdata<22>>.
    Found 1-bit register for signal <wb_wdata<21>>.
    Found 1-bit register for signal <wb_wdata<20>>.
    Found 1-bit register for signal <wb_wdata<19>>.
    Found 1-bit register for signal <wb_wdata<18>>.
    Found 1-bit register for signal <wb_wdata<17>>.
    Found 1-bit register for signal <wb_wdata<16>>.
    Found 1-bit register for signal <wb_wdata<15>>.
    Found 1-bit register for signal <wb_wdata<14>>.
    Found 1-bit register for signal <wb_wdata<13>>.
    Found 1-bit register for signal <wb_wdata<12>>.
    Found 1-bit register for signal <wb_wdata<11>>.
    Found 1-bit register for signal <wb_wdata<10>>.
    Found 1-bit register for signal <wb_wdata<9>>.
    Found 1-bit register for signal <wb_wdata<8>>.
    Found 1-bit register for signal <wb_wdata<7>>.
    Found 1-bit register for signal <wb_wdata<6>>.
    Found 1-bit register for signal <wb_wdata<5>>.
    Found 1-bit register for signal <wb_wdata<4>>.
    Found 1-bit register for signal <wb_wdata<3>>.
    Found 1-bit register for signal <wb_wdata<2>>.
    Found 1-bit register for signal <wb_wdata<1>>.
    Found 1-bit register for signal <wb_wdata<0>>.
    Found 1-bit register for signal <wb_whilo>.
    Found 1-bit register for signal <wb_hi<31>>.
    Found 1-bit register for signal <wb_hi<30>>.
    Found 1-bit register for signal <wb_hi<29>>.
    Found 1-bit register for signal <wb_hi<28>>.
    Found 1-bit register for signal <wb_hi<27>>.
    Found 1-bit register for signal <wb_hi<26>>.
    Found 1-bit register for signal <wb_hi<25>>.
    Found 1-bit register for signal <wb_hi<24>>.
    Found 1-bit register for signal <wb_hi<23>>.
    Found 1-bit register for signal <wb_hi<22>>.
    Found 1-bit register for signal <wb_hi<21>>.
    Found 1-bit register for signal <wb_hi<20>>.
    Found 1-bit register for signal <wb_hi<19>>.
    Found 1-bit register for signal <wb_hi<18>>.
    Found 1-bit register for signal <wb_hi<17>>.
    Found 1-bit register for signal <wb_hi<16>>.
    Found 1-bit register for signal <wb_hi<15>>.
    Found 1-bit register for signal <wb_hi<14>>.
    Found 1-bit register for signal <wb_hi<13>>.
    Found 1-bit register for signal <wb_hi<12>>.
    Found 1-bit register for signal <wb_hi<11>>.
    Found 1-bit register for signal <wb_hi<10>>.
    Found 1-bit register for signal <wb_hi<9>>.
    Found 1-bit register for signal <wb_hi<8>>.
    Found 1-bit register for signal <wb_hi<7>>.
    Found 1-bit register for signal <wb_hi<6>>.
    Found 1-bit register for signal <wb_hi<5>>.
    Found 1-bit register for signal <wb_hi<4>>.
    Found 1-bit register for signal <wb_hi<3>>.
    Found 1-bit register for signal <wb_hi<2>>.
    Found 1-bit register for signal <wb_hi<1>>.
    Found 1-bit register for signal <wb_hi<0>>.
    Found 1-bit register for signal <wb_lo<31>>.
    Found 1-bit register for signal <wb_lo<30>>.
    Found 1-bit register for signal <wb_lo<29>>.
    Found 1-bit register for signal <wb_lo<28>>.
    Found 1-bit register for signal <wb_lo<27>>.
    Found 1-bit register for signal <wb_lo<26>>.
    Found 1-bit register for signal <wb_lo<25>>.
    Found 1-bit register for signal <wb_lo<24>>.
    Found 1-bit register for signal <wb_lo<23>>.
    Found 1-bit register for signal <wb_lo<22>>.
    Found 1-bit register for signal <wb_lo<21>>.
    Found 1-bit register for signal <wb_lo<20>>.
    Found 1-bit register for signal <wb_lo<19>>.
    Found 1-bit register for signal <wb_lo<18>>.
    Found 1-bit register for signal <wb_lo<17>>.
    Found 1-bit register for signal <wb_lo<16>>.
    Found 1-bit register for signal <wb_lo<15>>.
    Found 1-bit register for signal <wb_lo<14>>.
    Found 1-bit register for signal <wb_lo<13>>.
    Found 1-bit register for signal <wb_lo<12>>.
    Found 1-bit register for signal <wb_lo<11>>.
    Found 1-bit register for signal <wb_lo<10>>.
    Found 1-bit register for signal <wb_lo<9>>.
    Found 1-bit register for signal <wb_lo<8>>.
    Found 1-bit register for signal <wb_lo<7>>.
    Found 1-bit register for signal <wb_lo<6>>.
    Found 1-bit register for signal <wb_lo<5>>.
    Found 1-bit register for signal <wb_lo<4>>.
    Found 1-bit register for signal <wb_lo<3>>.
    Found 1-bit register for signal <wb_lo<2>>.
    Found 1-bit register for signal <wb_lo<1>>.
    Found 1-bit register for signal <wb_lo<0>>.
    Found 1-bit register for signal <wb_wd<4>>.
    Found 1-bit register for signal <wb_wd<3>>.
    Found 1-bit register for signal <wb_wd<2>>.
    Found 1-bit register for signal <wb_wd<1>>.
    Found 1-bit register for signal <wb_wd<0>>.
    Summary:
	inferred 103 D-type flip-flop(s).
Unit <MEM_WB> synthesized.

Synthesizing Unit <HILO>.
    Related source file is "c:/mipscpu/hilo.v".
    Found 1-bit register for signal <lo_o<31>>.
    Found 1-bit register for signal <lo_o<30>>.
    Found 1-bit register for signal <lo_o<29>>.
    Found 1-bit register for signal <lo_o<28>>.
    Found 1-bit register for signal <lo_o<27>>.
    Found 1-bit register for signal <lo_o<26>>.
    Found 1-bit register for signal <lo_o<25>>.
    Found 1-bit register for signal <lo_o<24>>.
    Found 1-bit register for signal <lo_o<23>>.
    Found 1-bit register for signal <lo_o<22>>.
    Found 1-bit register for signal <lo_o<21>>.
    Found 1-bit register for signal <lo_o<20>>.
    Found 1-bit register for signal <lo_o<19>>.
    Found 1-bit register for signal <lo_o<18>>.
    Found 1-bit register for signal <lo_o<17>>.
    Found 1-bit register for signal <lo_o<16>>.
    Found 1-bit register for signal <lo_o<15>>.
    Found 1-bit register for signal <lo_o<14>>.
    Found 1-bit register for signal <lo_o<13>>.
    Found 1-bit register for signal <lo_o<12>>.
    Found 1-bit register for signal <lo_o<11>>.
    Found 1-bit register for signal <lo_o<10>>.
    Found 1-bit register for signal <lo_o<9>>.
    Found 1-bit register for signal <lo_o<8>>.
    Found 1-bit register for signal <lo_o<7>>.
    Found 1-bit register for signal <lo_o<6>>.
    Found 1-bit register for signal <lo_o<5>>.
    Found 1-bit register for signal <lo_o<4>>.
    Found 1-bit register for signal <lo_o<3>>.
    Found 1-bit register for signal <lo_o<2>>.
    Found 1-bit register for signal <lo_o<1>>.
    Found 1-bit register for signal <lo_o<0>>.
    Found 1-bit register for signal <hi_o<31>>.
    Found 1-bit register for signal <hi_o<30>>.
    Found 1-bit register for signal <hi_o<29>>.
    Found 1-bit register for signal <hi_o<28>>.
    Found 1-bit register for signal <hi_o<27>>.
    Found 1-bit register for signal <hi_o<26>>.
    Found 1-bit register for signal <hi_o<25>>.
    Found 1-bit register for signal <hi_o<24>>.
    Found 1-bit register for signal <hi_o<23>>.
    Found 1-bit register for signal <hi_o<22>>.
    Found 1-bit register for signal <hi_o<21>>.
    Found 1-bit register for signal <hi_o<20>>.
    Found 1-bit register for signal <hi_o<19>>.
    Found 1-bit register for signal <hi_o<18>>.
    Found 1-bit register for signal <hi_o<17>>.
    Found 1-bit register for signal <hi_o<16>>.
    Found 1-bit register for signal <hi_o<15>>.
    Found 1-bit register for signal <hi_o<14>>.
    Found 1-bit register for signal <hi_o<13>>.
    Found 1-bit register for signal <hi_o<12>>.
    Found 1-bit register for signal <hi_o<11>>.
    Found 1-bit register for signal <hi_o<10>>.
    Found 1-bit register for signal <hi_o<9>>.
    Found 1-bit register for signal <hi_o<8>>.
    Found 1-bit register for signal <hi_o<7>>.
    Found 1-bit register for signal <hi_o<6>>.
    Found 1-bit register for signal <hi_o<5>>.
    Found 1-bit register for signal <hi_o<4>>.
    Found 1-bit register for signal <hi_o<3>>.
    Found 1-bit register for signal <hi_o<2>>.
    Found 1-bit register for signal <hi_o<1>>.
    Found 1-bit register for signal <hi_o<0>>.
    Summary:
	inferred  64 D-type flip-flop(s).
Unit <HILO> synthesized.

=========================================================================
HDL Synthesis Report

Found no macro
=========================================================================

=========================================================================
*                       Advanced HDL Synthesis                          *
=========================================================================


=========================================================================
Advanced HDL Synthesis Report

Found no macro
=========================================================================

=========================================================================
*                         Low Level Synthesis                           *
=========================================================================

Optimizing unit <MipsCPU_SOPC> ...

Mapping all equations...
Building and optimizing final netlist ...
Found area constraint ratio of 100 (+ 5) on block MipsCPU_SOPC, actual ratio is 0.

Final Macro Processing ...

=========================================================================
Final Register Report

Found no macro
=========================================================================

=========================================================================
*                           Partition Report                            *
=========================================================================

Partition Implementation Status
-------------------------------

  No Partitions were found in this design.

-------------------------------

=========================================================================
*                            Design Summary                             *
=========================================================================

Top Level Output File Name         : MipsCPU_SOPC.ngc

Primitive and Black Box Usage:
------------------------------

Device utilization summary:
---------------------------

Selected Device : 6slx16csg324-3 


Slice Logic Utilization: 

Slice Logic Distribution: 
 Number of LUT Flip Flop pairs used:      0
   Number with an unused Flip Flop:       0  out of      0         
   Number with an unused LUT:             0  out of      0         
   Number of fully used LUT-FF pairs:     0  out of      0         
   Number of unique control sets:         0

IO Utilization: 
 Number of IOs:                           2
 Number of bonded IOBs:                   0  out of    232     0%  

Specific Feature Utilization:

---------------------------
Partition Resource Summary:
---------------------------

  No Partitions were found in this design.

---------------------------


=========================================================================
Timing Report

NOTE: THESE TIMING NUMBERS ARE ONLY A SYNTHESIS ESTIMATE.
      FOR ACCURATE TIMING INFORMATION PLEASE REFER TO THE TRACE REPORT
      GENERATED AFTER PLACE-and-ROUTE.

Clock Information:
------------------
No clock signals found in this design

Asynchronous Control Signals Information:
----------------------------------------
No asynchronous control signals found in this design

Timing Summary:
---------------
Speed Grade: -3

   Minimum period: No path found
   Minimum input arrival time before clock: No path found
   Maximum output required time after clock: No path found
   Maximum combinational path delay: No path found

Timing Details:
---------------
All values displayed in nanoseconds (ns)

=========================================================================

Cross Clock Domains Report:
--------------------------

=========================================================================


Total REAL time to Xst completion: 10.00 secs
Total CPU time to Xst completion: 10.56 secs
 
--> 

Total memory usage is 247184 kilobytes

Number of errors   :    0 (   0 filtered)
Number of warnings :    4 (   0 filtered)
Number of infos    :    0 (   0 filtered)

